
> safesquid-docs@0.0.1 build
> docusaurus build

[INFO] [en] Creating an optimized production build...
[webpackbar] ℹ Compiling Client
[webpackbar] ℹ Compiling Server
[webpackbar] ✔ Server: Compiled successfully in 23.86s
[webpackbar] ✔ Client: Compiled successfully in 40.50s
[WARNING] {"moduleIdentifier":"/root/.openclaw/workspace/web-dev/safesquid-docs/node_modules/vscode-languageserver-types/lib/umd/main.js","moduleName":"./node_modules/vscode-languageserver-types/lib/umd/main.js","loc":"3:24-31","message":"Critical dependency: require function is used in a way in which dependencies cannot be statically extracted","compilerPath":"server"}
[WARNING] Docusaurus found broken links!

Please check the pages of your site in the list below, and make sure you don't reference any path that does not exist.
Note: it's possible to ignore broken links with the 'onBrokenLinks' Docusaurus configuration, and let the build pass.

It looks like some of the broken links we found appear in many pages of your site.
Maybe those broken links appear on all pages through your site layout?
We recommend that you check your theme configuration for such links (particularly, theme navbar and footer).
Frequent broken links are linking to:
- /docs/Authentication/main/
- /docs/SSL_Inspection/main/
- /docs/Profiling_Engine/main/
- /docs/Malware_Scanners/main/
- /docs/Troubleshooting/main/
- /docs/Access_Restriction/main/
- /docs/Getting_Started/Connect_Your_Client/main/
- /docs/Header_Obfuscation/main/
- /docs/Data_Leakage_Prevention/main/
- /docs/Proxy_Clustering/main/
- /docs/Audit_Forensics/main/
- /docs/SafeSquid_SWG/Supporting_Services/main/

Exhaustive list of all broken links found:
- Broken link on source page path = /docs/Access_Restriction/:
   -> linking to /docs/Authentication/main/
   -> linking to /docs/SSL_Inspection/main/
   -> linking to /docs/Profiling_Engine/main/
   -> linking to /docs/Malware_Scanners/main/
- Broken link on source page path = /docs/Audit_Forensics/:
   -> linking to /docs/Troubleshooting/main/
   -> linking to /docs/Access_Restriction/main/
- Broken link on source page path = /docs/Authentication/:
   -> linking to /docs/Access_Restriction/main/
   -> linking to /docs/SSL_Inspection/main/
- Broken link on source page path = /docs/Authentication/BASIC/:
   -> linking to /docs/Getting_Started/Connect_Your_Client/main/
   -> linking to /docs/Access_Restriction/main/
   -> linking to /docs/SSL_Inspection/main/
- Broken link on source page path = /docs/Authentication/Bypass_Authentication/:
   -> linking to /docs/Access_Restriction/main/
- Broken link on source page path = /docs/Authentication/Directory_Services/Active_Directory/main/:
   -> linking to /docs/Access_Restriction/main/
- Broken link on source page path = /docs/Authentication/Directory_Services/Active_Directory/Setup_Active_Directory_Integration/:
   -> linking to /docs/Access_Restriction/main/
- Broken link on source page path = /docs/Authentication/Directory_Services/Active_Directory/Simple_Authentication/:
   -> linking to /docs/Access_Restriction/main/
   -> linking to /docs/SSL_Inspection/main/
- Broken link on source page path = /docs/Authentication/Directory_Services/Active_Directory/SSO_Authentication/:
   -> linking to /docs/Access_Restriction/main/
   -> linking to /docs/SSL_Inspection/main/
- Broken link on source page path = /docs/Authentication/Directory_Services/main/:
   -> linking to /docs/Access_Restriction/main/
- Broken link on source page path = /docs/Authentication/Directory_Services/OpenLDAP/main/:
   -> linking to /docs/Access_Restriction/main/
- Broken link on source page path = /docs/Authentication/Directory_Services/OpenLDAP/Simple_Authentication/:
   -> linking to /docs/Access_Restriction/main/
- Broken link on source page path = /docs/Authentication/Directory_Services/OpenLDAP/SSO_Authentication/:
   -> linking to /docs/Access_Restriction/main/
   -> linking to /docs/SSL_Inspection/main/
- Broken link on source page path = /docs/Authentication/Network_Signature/:
   -> linking to /docs/Access_Restriction/main/
   -> linking to /docs/SSL_Inspection/main/
- Broken link on source page path = /docs/Content_Modifier/:
   -> linking to /docs/SSL_Inspection/main/
   -> linking to /docs/Access_Restriction/main/
   -> linking to /docs/Header_Obfuscation/main/
   -> linking to /docs/Cookie_Inspection/main/
   -> linking to /docs/Data_Leakage_Prevention/main/
- Broken link on source page path = /docs/Content_Modifier/Rewriting_Policies_Reference/:
   -> linking to /docs/Content_Modifier/main/
   -> linking to /docs/Header_Obfuscation/main/
   -> linking to /docs/Cookie_Inspection/main/
- Broken link on source page path = /docs/Cookie_Inspection/:
   -> linking to /docs/Header_Obfuscation/main/
   -> linking to /docs/Access_Restriction/main/
- Broken link on source page path = /docs/Cookie_Inspection/Cookie_Filter_Configuration/:
   -> linking to /docs/Access_Restriction/main/
   -> linking to /docs/Header_Obfuscation/main/
   -> linking to /docs/Troubleshooting/main/
- Broken link on source page path = /docs/Customisation/:
   -> linking to /docs/Proxy_Clustering/main/
- Broken link on source page path = /docs/Customisation/Custom_Templates/:
   -> linking to /docs/Customisation/main/
   -> linking to /docs/Access_Restriction/main/
   -> linking to /docs/Troubleshooting/main/
- Broken link on source page path = /docs/Data_Leakage_Prevention/:
   -> linking to /docs/Authentication/main/
- Broken link on source page path = /docs/Data_Leakage_Prevention/Compliance_Templates/:
   -> linking to /docs/Access_Restriction/main/
- Broken link on source page path = /docs/Disaster_Recovery/:
   -> linking to /docs/Proxy_Clustering/main/
- Broken link on source page path = /docs/Disaster_Recovery/Configure_Cloud_Restore/:
   -> linking to /docs/Disaster_Recovery/main/
   -> linking to /docs/Proxy_Clustering/main/
   -> linking to /docs/Troubleshooting/main/
- Broken link on source page path = /docs/DNS_Security/:
   -> linking to /docs/Access_Restriction/main/
   -> linking to /docs/Profiling_Engine/main/
- Broken link on source page path = /docs/DNS_Security/DNSBL/:
   -> linking to /docs/Access_Restriction/main/
- Broken link on source page path = /docs/DNS_Security/GeoIP/:
   -> linking to /docs/Getting_Started/main/
   -> linking to /docs/Profiling_Engine/main/
   -> linking to /docs/Access_Restriction/main/
   -> linking to /docs/Profiling_Engine/User_Identities/main/
   -> linking to /docs/SSL_Inspection/main/
- Broken link on source page path = /docs/DNS_Security/Homograph_Detection/:
   -> linking to /docs/SSL_Inspection/main/
   -> linking to /docs/Getting_Started/main/
   -> linking to /docs/Getting_Started/Connect_Your_Client/main/
- Broken link on source page path = /docs/FAQs/:
   -> linking to /docs/Audit_Forensics/main/
   -> linking to /docs/Access_Restriction/main/
   -> linking to /docs/Use_Cases/main/
- Broken link on source page path = /docs/Getting_Started/:
   -> linking to /docs/SafeSquid_SWG/main/
   -> linking to /docs/Getting_Started/Install_SafeSquid/main/
   -> linking to /docs/Getting_Started/Connect_Your_Client/main/
   -> linking to /docs/Troubleshooting/main/
   -> linking to /docs/SSL_Inspection/main/
   -> linking to /docs/Authentication/main/
   -> linking to /docs/DNS_Security/main/
   -> linking to /docs/Profiling_Engine/main/
   -> linking to /docs/Access_Restriction/main/
   -> linking to /docs/Malware_Scanners/main/
   -> linking to /docs/Data_Leakage_Prevention/main/
- Broken link on source page path = /docs/Getting_Started/Activate/:
   -> linking to /docs/Getting_Started/Connect_Your_Client/main/
- Broken link on source page path = /docs/Getting_Started/Connect_Your_Client/:
   -> linking to /docs/SSL_Inspection/main/
   -> linking to /docs/Troubleshooting/main/
   -> linking to /docs/Access_Restriction/main/
- Broken link on source page path = /docs/Getting_Started/Connect_Your_Client/Application_Specific_Configuration/:
   -> linking to /docs/SSL_Inspection/main/
   -> linking to /docs/Access_Restriction/main/
- Broken link on source page path = /docs/Getting_Started/Connect_Your_Client/Enterprise_Deployment/:
   -> linking to /docs/SSL_Inspection/main/
   -> linking to /docs/Access_Restriction/main/
- Broken link on source page path = /docs/Getting_Started/Connect_Your_Client/Explicit_Proxy/:
   -> linking to /docs/SSL_Inspection/main/
- Broken link on source page path = /docs/Getting_Started/Connect_Your_Client/PAC_File/:
   -> linking to /docs/SSL_Inspection/main/
- Broken link on source page path = /docs/Getting_Started/Connect_Your_Client/System_Wide_Proxy/:
   -> linking to /docs/SSL_Inspection/main/
- Broken link on source page path = /docs/Getting_Started/Deployment_Planning/:
   -> linking to /docs/Proxy_Clustering/main/
   -> linking to /docs/Getting_Started/Install_SafeSquid/main/
   -> linking to /docs/Disaster_Recovery/main/
- Broken link on source page path = /docs/Getting_Started/Install_SafeSquid/:
   -> linking to /docs/Getting_Started/Connect_Your_Client/main/
   -> linking to /docs/SSL_Inspection/main/
- Broken link on source page path = /docs/Getting_Started/Install_SafeSquid/Cloud_Deployment/:
   -> linking to /docs/Getting_Started/Connect_Your_Client/main/
   -> linking to /docs/SSL_Inspection/main/
   -> linking to /docs/Proxy_Clustering/main/
- Broken link on source page path = /docs/Getting_Started/Install_SafeSquid/Linux_Server/:
   -> linking to /docs/Getting_Started/Connect_Your_Client/main/
   -> linking to /docs/SSL_Inspection/main/
- Broken link on source page path = /docs/Getting_Started/Install_SafeSquid/SafeSquid_Appliance_Builder/:
   -> linking to /docs/Getting_Started/Connect_Your_Client/main/
   -> linking to /docs/SSL_Inspection/main/
- Broken link on source page path = /docs/Getting_Started/Register/:
   -> linking to /docs/Getting_Started/Install_SafeSquid/main/
- Broken link on source page path = /docs/Getting_Started/Verify_Your_Setup/:
   -> linking to /docs/Getting_Started/Connect_Your_Client/main/
   -> linking to /docs/SSL_Inspection/main/
   -> linking to /docs/Troubleshooting/main/
   -> linking to /docs/Authentication/main/
   -> linking to /docs/Access_Restriction/main/
   -> linking to /docs/Proxy_Clustering/main/
- Broken link on source page path = /docs/Header_Obfuscation/:
   -> linking to /docs/Access_Restriction/main/
   -> linking to /docs/Cookie_Inspection/main/
- Broken link on source page path = /docs/Header_Obfuscation/Header_Filter_Configuration/:
   -> linking to /docs/Cookie_Inspection/main/
   -> linking to /docs/Access_Restriction/main/
   -> linking to /docs/Troubleshooting/main/
- Broken link on source page path = /docs/Integrations/:
   -> linking to /docs/Authentication/main/
   -> linking to /docs/Integrations/VPN/main/
   -> linking to /docs/Access_Restriction/main/
- Broken link on source page path = /docs/Malware_Scanners/:
   -> linking to /docs/SSL_Inspection/main/
   -> linking to /docs/Data_Leakage_Prevention/main/
- Broken link on source page path = /docs/Malware_Scanners/ICAP/:
   -> linking to /docs/SSL_Inspection/main/
   -> linking to /docs/Malware_Scanners/main/
   -> linking to /docs/Troubleshooting/main/
- Broken link on source page path = /docs/Operational_Modes/:
   -> linking to /docs/Getting_Started/Connect_Your_Client/main/
- Broken link on source page path = /docs/Operational_Modes/Forward_Proxy/:
   -> linking to /docs/Getting_Started/Connect_Your_Client/main/
- Broken link on source page path = /docs/Operational_Modes/Proxy_Chain/:
   -> linking to /docs/SSL_Inspection/main/
   -> linking to /docs/Troubleshooting/main/
- Broken link on source page path = /docs/Operational_Modes/Reverse_Proxy/:
   -> linking to /docs/Proxy_Clustering/main/
- Broken link on source page path = /docs/Performance_Accelerators/:
   -> linking to /docs/Proxy_Clustering/main/
- Broken link on source page path = /docs/Performance_Accelerators/Manage_Bandwidth/:
   -> linking to /docs/SSL_Inspection/main/
- Broken link on source page path = /docs/Profiling_Engine/:
   -> linking to /docs/Profiling_Engine/User_Identities/main/
   -> linking to /docs/Profiling_Engine/Content_Analyser/main/
   -> linking to /docs/Authentication/main/
- Broken link on source page path = /docs/Profiling_Engine/Content_Analyser/:
   -> linking to /docs/SSL_Inspection/main/
- Broken link on source page path = /docs/Profiling_Engine/Request_Profiles/:
   -> linking to /docs/Data_Leakage_Prevention/main/
   -> linking to /docs/Access_Restriction/main/
- Broken link on source page path = /docs/Proxy_Clustering/:
   -> linking to /docs/Disaster_Recovery/main/
- Broken link on source page path = /docs/Proxy_Clustering/Configuration_Sync/:
   -> linking to /docs/Troubleshooting/main/
- Broken link on source page path = /docs/Proxy_Clustering/Master_Slave/:
   -> linking to /docs/Troubleshooting/main/
- Broken link on source page path = /docs/SafeSquid_SWG/:
   -> linking to /docs/Proxy_Clustering/main/
   -> linking to /docs/DNS_Security/main/
   -> linking to /docs/SafeSquid_SWG/Supporting_Services/main/
   -> linking to /docs/Getting_Started/main/
   -> linking to /docs/SSL_Inspection/main/
   -> linking to /docs/Authentication/main/
   -> linking to /docs/Access_Restriction/main/
- Broken link on source page path = /docs/SafeSquid_SWG/Application_Ecosystem/:
   -> linking to /docs/SafeSquid_SWG/Supporting_Services/main/
   -> linking to /docs/SSL_Inspection/main/
   -> linking to /docs/Authentication/main/
- Broken link on source page path = /docs/SafeSquid_SWG/Configuration_Portal/:
   -> linking to /docs/Getting_Started/Connect_Your_Client/main/
   -> linking to /docs/Access_Restriction/main/
   -> linking to /docs/Data_Leakage_Prevention/main/
   -> linking to /docs/Malware_Scanners/main/
   -> linking to /docs/Authentication/main/
   -> linking to /docs/SSL_Inspection/main/
   -> linking to /docs/Troubleshooting/main/
- Broken link on source page path = /docs/SafeSquid_SWG/Integrated_DNS_Security/:
   -> linking to /docs/DNS_Security/main/
- Broken link on source page path = /docs/SafeSquid_SWG/Reporting_Service/:
   -> linking to /docs/Audit_Forensics/main/
   -> linking to /docs/Proxy_Clustering/main/
   -> linking to /docs/Access_Restriction/main/
- Broken link on source page path = /docs/SafeSquid_SWG/SafeSquid_Proxy_Cluster/:
   -> linking to /docs/Proxy_Clustering/main/
- Broken link on source page path = /docs/SafeSquid_SWG/Self-Service_Portal/:
   -> linking to /docs/SSL_Inspection/main/
- Broken link on source page path = /docs/SafeSquid_SWG/Supporting_Services/:
   -> linking to /docs/SSL_Inspection/main/
   -> linking to /docs/Authentication/main/
   -> linking to /docs/Audit_Forensics/main/
- Broken link on source page path = /docs/SafeSquid_SWG/Supporting_Services/Bind/:
   -> linking to /docs/Troubleshooting/main/
   -> linking to /docs/SafeSquid_SWG/Supporting_Services/main/
- Broken link on source page path = /docs/SafeSquid_SWG/Supporting_Services/Monit/:
   -> linking to /docs/Audit_Forensics/main/
   -> linking to /docs/Troubleshooting/main/
   -> linking to /docs/SafeSquid_SWG/Supporting_Services/main/
- Broken link on source page path = /docs/SafeSquid_SWG/Supporting_Services/NTP/:
   -> linking to /docs/Authentication/main/
   -> linking to /docs/SSL_Inspection/main/
   -> linking to /docs/SafeSquid_SWG/Supporting_Services/main/
- Broken link on source page path = /docs/SSL_Inspection/:
   -> linking to /docs/Authentication/main/
   -> linking to /docs/Access_Restriction/main/
   -> linking to /docs/Data_Leakage_Prevention/main/
- Broken link on source page path = /docs/SSL_Inspection/Configure_HTTPS_Inspection/:
   -> linking to /docs/Authentication/main/
   -> linking to /docs/Access_Restriction/main/
   -> linking to /docs/Data_Leakage_Prevention/main/
   -> linking to /docs/Troubleshooting/main/
- Broken link on source page path = /docs/SSL_Inspection/Import_Certificate_Chrome_IE/:
   -> linking to /docs/SSL_Inspection/main/
   -> linking to /docs/Troubleshooting/main/
- Broken link on source page path = /docs/Threat_Intelligence_Feeds/:
   -> linking to /docs/Access_Restriction/main/
   -> linking to /docs/SSL_Inspection/main/
   -> linking to /docs/Malware_Scanners/main/
   -> linking to /docs/DNS_Security/main/
- Broken link on source page path = /docs/Troubleshooting/SafeSearch_Not_Working/:
   -> linking to /docs/SSL_Inspection/main/
- Broken link on source page path = /docs/Troubleshooting/SSL_Inspection_Issues/:
   -> linking to /docs/Troubleshooting/main/
- Broken link on source page path = /docs/Troubleshooting/Whitelisted_Website_Blocked/:
   -> linking to /docs/Access_Restriction/main/
   -> linking to /docs/Troubleshooting/main/
- Broken link on source page path = /docs/Upgrade_SafeSquid/:
   -> linking to /docs/Upgrade_SafeSquid/OS_Upgrade/main/
   -> linking to /docs/Upgrade_SafeSquid/Version_Upgrade/main/
   -> linking to /docs/Troubleshooting/main/
- Broken link on source page path = /docs/URL_Redirection/:
   -> linking to /docs/Access_Restriction/main/
   -> linking to /docs/Profiling_Engine/main/
- Broken link on source page path = /docs/URL_Redirection/SafeSearch/:
   -> linking to /docs/SSL_Inspection/main/
- Broken link on source page path = /docs/Use_Cases/:
   -> linking to /docs/Access_Restriction/main/
   -> linking to /docs/Profiling_Engine/main/
   -> linking to /docs/Troubleshooting/main/
- Broken link on source page path = /docs/Use_Cases/Allow_anydesk/:
   -> linking to /docs/SSL_Inspection/main/
   -> linking to /docs/Access_Restriction/main/
   -> linking to /docs/Troubleshooting/main/
- Broken link on source page path = /docs/Use_Cases/Allow_Specific_YouTube_Channel_and_its_Playlist/:
   -> linking to /docs/SSL_Inspection/main/
- Broken link on source page path = /docs/Use_Cases/Allowing_Specific_Page_on_Facebook/:
   -> linking to /docs/SSL_Inspection/main/
- Broken link on source page path = /docs/Use_Cases/Block_Advertisements_And_Banners/:
   -> linking to /docs/Header_Obfuscation/main/
   -> linking to /docs/Content_Modifier/main/
- Broken link on source page path = /docs/Use_Cases/Block_Emails_or_Files_including_archives_or_Social_Posts_using_Keywords/:
   -> linking to /docs/SSL_Inspection/main/
- Broken link on source page path = /docs/Use_Cases/Block_inappropriate_images_by_using_Image_Analyzer/:
   -> linking to /docs/SSL_Inspection/main/
- Broken link on source page path = /docs/Use_Cases/Block_Particular_User_Login_To_Facebook_Or_Gmail/:
   -> linking to /docs/SSL_Inspection/main/
- Broken link on source page path = /docs/Use_Cases/Block_Personal_Gmail_Allow_Google_Corporate_Accounts/:
   -> linking to /docs/Header_Obfuscation/main/
   -> linking to /docs/Access_Restriction/main/
- Broken link on source page path = /docs/Use_Cases/Block_Specific_Youtube_Channel/:
   -> linking to /docs/SSL_Inspection/main/
   -> linking to /docs/Access_Restriction/main/
- Broken link on source page path = /docs/Use_Cases/Facebook_Read_Only_Mode/:
   -> linking to /docs/SSL_Inspection/main/
- Broken link on source page path = /:
   -> linking to /docs/Data_Leakage_Prevention/main/
   -> linking to /docs/Troubleshooting/main/
   -> linking to /docs/Access_Restriction/main/
   -> linking to /docs/Authentication/main/
   -> linking to /docs/Audit_Forensics/main/
   -> linking to /docs/Use_Cases/main/

[WARNING] Docusaurus found broken anchors!

Please check the pages of your site in the list below, and make sure you don't reference any anchor that does not exist.
Note: it's possible to ignore broken anchors with the 'onBrokenAnchors' Docusaurus configuration, and let the build pass.

Exhaustive list of all broken anchors found:
- Broken anchor on source page path = /docs/SSL_Inspection/:
   -> linking to /docs/SSL_Inspection/Configure_HTTPS_Inspection/#generating-ssl-certificates
   -> linking to /docs/SSL_Inspection/Configure_HTTPS_Inspection/#enabling-ssl-inspection
   -> linking to /docs/SSL_Inspection/Configure_HTTPS_Inspection/#bypass-policies
   -> linking to /docs/SSL_Inspection/Configure_HTTPS_Inspection/#import-certificate-into-firefox
- Broken anchor on source page path = /docs/SSL_Inspection/Import_Certificate_Chrome_IE/:
   -> linking to /docs/SSL_Inspection/Configure_HTTPS_Inspection/#import-certificate-into-firefox
- Broken anchor on source page path = /docs/Troubleshooting/SafeSearch_Not_Working/:
   -> linking to /docs/SSL_Inspection/Configure_HTTPS_Inspection/#import-certificate-into-firefox
- Broken anchor on source page path = /docs/Troubleshooting/SSL_Inspection_Issues/:
   -> linking to /docs/SSL_Inspection/Configure_HTTPS_Inspection/#import-certificate-into-firefox

[SUCCESS] Generated static files in "build".
[INFO] Use `npm run serve` command to test your build locally.
